Script started on Thu Dec  5 18:18:57 2019
[?1034hbash-3.2$ 
bash-3.2$ 
bash-3.2$ id
uid=501(abhishek) gid=20(staff) groups=20(staff),12(everyone),61(localaccounts),703(com.apple.sharepoint.group.3),100(_lpoperator),701(com.apple.sharepoint.group.1),702(com.apple.sharepoint.group.2)
bash-3.2$ sudo su
Password:
[?1034hsh-3.2# pwd
/Users/abhishek/IntelliPaat/ipat-git-workflow
sh-3.2# ls -ltr
total 8
drwxr-xr-x  9 abhishek  staff  288 Dec  5 18:15 .git
-rw-r--r--  1 abhishek  staff   43 Dec  5 18:18 workflow.script
sh-3.2# 
sh-3.2# 
sh-3.2# remot[K[K[K[K[Kgit remote -v
origin	https://github.com/abhk-io/ipat-git-workflow.git (fetch)
origin	https://github.com/abhk-io/ipat-git-workflow.git (push)
sh-3.2# 
sh-3.2# 
sh-3.2# vi legacy.c
[?2004h[?1049h[?1h=[?2004h[1;30r[?12h[?12l[27m[29m[m[H[2J[?25l[30;1H"legacy.c" [New File][2;1H▽[6n[2;1H  [1;1H[>c]11;?[2;1H[94m~                                                                                                                                           [3;1H~                                                                                                                                           [4;1H~                                                                                                                                           [5;1H~                                                                                                                                           [6;1H~                                                                                                                                           [7;1H~                                                                                                                                           [8;1H~                                                                                                                                           [9;1H~                                                                                                                                           [10;1H~                                                                                                                                           [11;1H~                                                                                                                                           [12;1H~                                                                                                                                           [13;1H~                                                                                                                                           [14;1H~                                                                                                                                           [15;1H~                                                                                                                                           [16;1H~                                                                                                                                           [17;1H~                                                                                                                                           [18;1H~                                                                                                                                           [19;1H~                                                                                                                                           [20;1H~                                                                                                                                           [21;1H~                                                                                                                                           [22;1H~                                                                                                                                           [23;1H~                                                                                                                                           [24;1H~                                                                                                                                           [25;1H~                                                                                                                                           [26;1H~                                                                                                                                           [27;1H~                                                                                                                                           [28;1H~                                                                                                                                           [29;1H~                                                                                                                                           [1;1H[?25h[?25l[m[30;1H[1m-- INSERT --[m[30;13H[K[1;1H[?25h[?25ll[?25h[?25le[?25h[?25lg[?25h[?25la[?25h[?25lc[?25h[?25ly[?25h[?25l [?25h[?25lc[?25h[?25lo[?25h[?25ld[?25h[?25le[?25h[30;1H[K[1;11H[?25l[?25h[?25l[30;1H:[?2004h[?25hx[?25l[?2004l"legacy.c" [New] 1L, 12C written
[?2004l[?1l>[?25h[?1049lsh-3.2# cat legacy.c 
legacy code
sh-3.2# 
sh-3.2# 
sh-3.2# git add .
sh-3.2# git comi[Kmit -m "legacy code"
[master (root-commit) 86dab59] legacy code
 Committer: System Administrator <root@MacBookAir.local>
Your name and email address were configured automatically based
on your username and hostname. Please check that they are accurate.
You can suppress this message by setting them explicitly. Run the
following command and follow the instructions in your editor to edit
your configuration file:

    git config --global --edit

After doing this, you may fix the identity used for this commit with:

    git commit --amend --reset-author

 2 files changed, 23 insertions(+)
 create mode 100644 legacy.c
 create mode 100644 workflow.script
sh-3.2# 
sh-3.2# 
sh-3.2# 
sh-3.2# i[Kgit status
On branch master
Your branch is based on 'origin/master', but the upstream is gone.
  (use "git branch --unset-upstream" to fixup)

Changes not staged for commit:
  (use "git add <file>..." to update what will be committed)
  (use "git restore <file>..." to discard changes in working directory)
	[31mmodified:   workflow.script[m

no changes added to commit (use "git add" and/or "git commit -a")
sh-3.2# git brancj[Kh
[?1h=* [32mmaster[m[m
[K[?1l>sh-3.2# 
sh-3.2# 
sh-3.2# git brancj[Kh dev1
sh-3.2# git branch dev1[K2
sh-3.2# git branch dev2[K[K[K[Ktest
sh-3.2# git branch test[K[K[K[K [Krelease
sh-3.2# git branch release[K[K[K[K[K[K[Khotfi[K[K[K[K[K[K[K[K[K[K[K[K[K[K[K[Kgit branch
[?1h=  dev1[m[m
  dev2[m[m
* [32mmaster[m[m
  release[m[m
  test[m[m
[K[?1l>sh-3.2# ls
.git		legacy.c	workflow.script
sh-3.2# git checkout dev1
M	workflow.script
Switched to branch 'dev1'
sh-3.2# ls
.git		legacy.c	workflow.script
sh-3.2# vi fingerprint.c
[?2004h[?1049h[?1h=[?2004h[1;30r[?12h[?12l[27m[29m[m[H[2J[?25l[30;1H"fingerprint.c" [New File][2;1H▽[6n[2;1H  [1;1H[>c]11;?[2;1H[94m~                                                                                                                                           [3;1H~                                                                                                                                           [4;1H~                                                                                                                                           [5;1H~                                                                                                                                           [6;1H~                                                                                                                                           [7;1H~                                                                                                                                           [8;1H~                                                                                                                                           [9;1H~                                                                                                                                           [10;1H~                                                                                                                                           [11;1H~                                                                                                                                           [12;1H~                                                                                                                                           [13;1H~                                                                                                                                           [14;1H~                                                                                                                                           [15;1H~                                                                                                                                           [16;1H~                                                                                                                                           [17;1H~                                                                                                                                           [18;1H~                                                                                                                                           [19;1H~                                                                                                                                           [20;1H~                                                                                                                                           [21;1H~                                                                                                                                           [22;1H~                                                                                                                                           [23;1H~                                                                                                                                           [24;1H~                                                                                                                                           [25;1H~                                                                                                                                           [26;1H~                                                                                                                                           [27;1H~                                                                                                                                           [28;1H~                                                                                                                        